2026-01-29T12:08:54.573+05:30  INFO 13600 --- [SpringBootRestApi_JPA] [restartedMain] c.test.SpringBootRestApiJpaApplication   : Starting SpringBootRestApiJpaApplication using Java 21.0.7 with PID 13600 (C:\Users\shubham.varma1\Desktop\mla256\SpringBootRestAPI_JPA\target\classes started by shubham.varma1 in C:\Users\shubham.varma1\Desktop\mla256\SpringBootRestAPI_JPA)
2026-01-29T12:08:54.610+05:30  INFO 13600 --- [SpringBootRestApi_JPA] [restartedMain] c.test.SpringBootRestApiJpaApplication   : No active profile set, falling back to 1 default profile: "default"
2026-01-29T12:08:54.674+05:30  INFO 13600 --- [SpringBootRestApi_JPA] [restartedMain] .e.DevToolsPropertyDefaultsPostProcessor : Devtools property defaults active! Set 'spring.devtools.add-properties' to 'false' to disable
2026-01-29T12:08:54.675+05:30  INFO 13600 --- [SpringBootRestApi_JPA] [restartedMain] .e.DevToolsPropertyDefaultsPostProcessor : For additional web related logging consider setting the 'logging.level.web' property to 'DEBUG'
2026-01-29T12:08:59.102+05:30  INFO 13600 --- [SpringBootRestApi_JPA] [restartedMain] .s.d.r.c.RepositoryConfigurationDelegate : Bootstrapping Spring Data JPA repositories in DEFAULT mode.
2026-01-29T12:08:59.190+05:30  INFO 13600 --- [SpringBootRestApi_JPA] [restartedMain] .s.d.r.c.RepositoryConfigurationDelegate : Finished Spring Data repository scanning in 75 ms. Found 1 JPA repository interface.
2026-01-29T12:09:00.198+05:30  INFO 13600 --- [SpringBootRestApi_JPA] [restartedMain] o.s.boot.tomcat.TomcatWebServer          : Tomcat initialized with port 7868 (http)
2026-01-29T12:09:00.227+05:30  INFO 13600 --- [SpringBootRestApi_JPA] [restartedMain] o.apache.catalina.core.StandardService   : Starting service [Tomcat]
2026-01-29T12:09:00.228+05:30  INFO 13600 --- [SpringBootRestApi_JPA] [restartedMain] o.apache.catalina.core.StandardEngine    : Starting Servlet engine: [Apache Tomcat/11.0.15]
2026-01-29T12:09:00.334+05:30  INFO 13600 --- [SpringBootRestApi_JPA] [restartedMain] b.w.c.s.WebApplicationContextInitializer : Root WebApplicationContext: initialization completed in 5658 ms
2026-01-29T12:09:00.891+05:30  INFO 13600 --- [SpringBootRestApi_JPA] [restartedMain] org.hibernate.orm.jpa                    : HHH008540: Processing PersistenceUnitInfo [name: default]
2026-01-29T12:09:01.010+05:30  INFO 13600 --- [SpringBootRestApi_JPA] [restartedMain] org.hibernate.orm.core                   : HHH000001: Hibernate ORM core version 7.2.0.Final
2026-01-29T12:09:01.701+05:30  INFO 13600 --- [SpringBootRestApi_JPA] [restartedMain] o.s.o.j.p.SpringPersistenceUnitInfo      : No LoadTimeWeaver setup: ignoring JPA class transformer
2026-01-29T12:09:01.825+05:30  INFO 13600 --- [SpringBootRestApi_JPA] [restartedMain] com.zaxxer.hikari.HikariDataSource       : HikariPool-1 - Starting...
2026-01-29T12:09:02.646+05:30  INFO 13600 --- [SpringBootRestApi_JPA] [restartedMain] com.zaxxer.hikari.pool.HikariPool        : HikariPool-1 - Added connection com.mysql.cj.jdbc.ConnectionImpl@46162a9a
2026-01-29T12:09:02.647+05:30  INFO 13600 --- [SpringBootRestApi_JPA] [restartedMain] com.zaxxer.hikari.HikariDataSource       : HikariPool-1 - Start completed.
2026-01-29T12:09:02.785+05:30  WARN 13600 --- [SpringBootRestApi_JPA] [restartedMain] org.hibernate.orm.deprecation            : HHH90000025: MySQLDialect does not need to be specified explicitly using 'hibernate.dialect' (remove the property setting and it will be selected by default)
2026-01-29T12:09:02.807+05:30  INFO 13600 --- [SpringBootRestApi_JPA] [restartedMain] org.hibernate.orm.connections.pooling    : HHH10001005: Database info:
	Database JDBC URL [jdbc:mysql://localhost:3306/student_db]
	Database driver: MySQL Connector/J
	Database dialect: MySQLDialect
	Database version: 8.0.42
	Default catalog/schema: student_db/undefined
	Autocommit mode: undefined/unknown
	Isolation level: REPEATABLE_READ [default REPEATABLE_READ]
	JDBC fetch size: none
	Pool: DataSourceConnectionProvider
	Minimum pool size: undefined/unknown
	Maximum pool size: undefined/unknown
2026-01-29T12:09:04.038+05:30  INFO 13600 --- [SpringBootRestApi_JPA] [restartedMain] org.hibernate.orm.core                   : HHH000489: No JTA platform available (set 'hibernate.transaction.jta.platform' to enable JTA platform integration)
2026-01-29T12:09:04.074+05:30 DEBUG 13600 --- [SpringBootRestApi_JPA] [restartedMain] org.hibernate.SQL                        : 
    drop table if exists student
2026-01-29T12:09:04.356+05:30 DEBUG 13600 --- [SpringBootRestApi_JPA] [restartedMain] org.hibernate.SQL                        : 
    drop table if exists student_seq
2026-01-29T12:09:04.645+05:30 DEBUG 13600 --- [SpringBootRestApi_JPA] [restartedMain] org.hibernate.SQL                        : 
    create table student (
        id integer not null,
        college varchar(255),
        department varchar(255),
        name varchar(255),
        primary key (id)
    ) engine=InnoDB
2026-01-29T12:09:05.697+05:30 DEBUG 13600 --- [SpringBootRestApi_JPA] [restartedMain] org.hibernate.SQL                        : 
    create table student_seq (
        next_val bigint
    ) engine=InnoDB
2026-01-29T12:09:06.064+05:30 DEBUG 13600 --- [SpringBootRestApi_JPA] [restartedMain] org.hibernate.SQL                        : 
    insert into student_seq ( next_val ) values ( 1 )
2026-01-29T12:09:06.146+05:30  INFO 13600 --- [SpringBootRestApi_JPA] [restartedMain] j.LocalContainerEntityManagerFactoryBean : Initialized JPA EntityManagerFactory for persistence unit 'default'
2026-01-29T12:09:06.326+05:30  INFO 13600 --- [SpringBootRestApi_JPA] [restartedMain] o.s.d.j.r.query.QueryEnhancerFactories   : Hibernate is in classpath; If applicable, HQL parser will be used.
2026-01-29T12:09:07.531+05:30  WARN 13600 --- [SpringBootRestApi_JPA] [restartedMain] JpaBaseConfiguration$JpaWebConfiguration : spring.jpa.open-in-view is enabled by default. Therefore, database queries may be performed during view rendering. Explicitly configure spring.jpa.open-in-view to disable this warning
2026-01-29T12:09:08.473+05:30  INFO 13600 --- [SpringBootRestApi_JPA] [restartedMain] o.s.b.a.e.web.EndpointLinksResolver      : Exposing 13 endpoints beneath base path '/actuator'
2026-01-29T12:09:08.743+05:30  INFO 13600 --- [SpringBootRestApi_JPA] [restartedMain] o.s.boot.tomcat.TomcatWebServer          : Tomcat started on port 7868 (http) with context path '/'
2026-01-29T12:09:08.750+05:30  INFO 13600 --- [SpringBootRestApi_JPA] [restartedMain] c.test.SpringBootRestApiJpaApplication   : Started SpringBootRestApiJpaApplication in 15.029 seconds (process running for 16.911)
2026-01-29T12:09:08.762+05:30  WARN 13600 --- [SpringBootRestApi_JPA] [restartedMain] o.s.core.events.SpringDocAppInitializer  : SpringDoc /v3/api-docs endpoint is enabled by default. To disable it in production, set the property 'springdoc.api-docs.enabled=false'
2026-01-29T12:09:08.762+05:30  WARN 13600 --- [SpringBootRestApi_JPA] [restartedMain] o.s.core.events.SpringDocAppInitializer  : SpringDoc /swagger-ui.html endpoint is enabled by default. To disable it in production, set the property 'springdoc.swagger-ui.enabled=false'
2026-01-29T12:09:09.577+05:30  INFO 13600 --- [SpringBootRestApi_JPA] [RMI TCP Connection(4)-127.0.0.1] o.a.c.c.C.[Tomcat].[localhost].[/]       : Initializing Spring DispatcherServlet 'dispatcherServlet'
2026-01-29T12:09:09.578+05:30  INFO 13600 --- [SpringBootRestApi_JPA] [RMI TCP Connection(4)-127.0.0.1] o.s.web.servlet.DispatcherServlet        : Initializing Servlet 'dispatcherServlet'
2026-01-29T12:09:09.579+05:30  INFO 13600 --- [SpringBootRestApi_JPA] [RMI TCP Connection(4)-127.0.0.1] o.s.web.servlet.DispatcherServlet        : Completed initialization in 1 ms
2026-01-29T12:10:51.531+05:30  INFO 13600 --- [SpringBootRestApi_JPA] [http-nio-7868-exec-9] o.springdoc.api.AbstractOpenApiResource  : Init duration for springdoc-openapi is: 1343 ms
2026-01-29T12:55:52.237+05:30  INFO 13600 --- [SpringBootRestApi_JPA] [File Watcher] rtingClassPathChangeChangedEventListener : Restarting due to 1 class path change (0 additions, 0 deletions, 1 modification)
2026-01-29T12:55:52.247+05:30  INFO 13600 --- [SpringBootRestApi_JPA] [Thread-1] o.s.boot.tomcat.GracefulShutdown         : Commencing graceful shutdown. Waiting for active requests to complete
2026-01-29T12:55:52.256+05:30  INFO 13600 --- [SpringBootRestApi_JPA] [tomcat-shutdown] o.s.boot.tomcat.GracefulShutdown         : Graceful shutdown complete
2026-01-29T12:55:52.264+05:30  INFO 13600 --- [SpringBootRestApi_JPA] [Thread-1] j.LocalContainerEntityManagerFactoryBean : Closing JPA EntityManagerFactory for persistence unit 'default'
2026-01-29T12:55:52.270+05:30  INFO 13600 --- [SpringBootRestApi_JPA] [Thread-1] com.zaxxer.hikari.HikariDataSource       : HikariPool-1 - Shutdown initiated...
2026-01-29T12:55:52.277+05:30  INFO 13600 --- [SpringBootRestApi_JPA] [Thread-1] com.zaxxer.hikari.HikariDataSource       : HikariPool-1 - Shutdown completed.
2026-01-29T12:55:52.445+05:30  INFO 13600 --- [SpringBootRestApi_JPA] [restartedMain] c.test.SpringBootRestApiJpaApplication   : Starting SpringBootRestApiJpaApplication using Java 21.0.7 with PID 13600 (C:\Users\shubham.varma1\Desktop\mla256\SpringBootRestAPI_JPA\target\classes started by shubham.varma1 in C:\Users\shubham.varma1\Desktop\mla256\SpringBootRestAPI_JPA)
2026-01-29T12:55:52.446+05:30  INFO 13600 --- [SpringBootRestApi_JPA] [restartedMain] c.test.SpringBootRestApiJpaApplication   : No active profile set, falling back to 1 default profile: "default"
2026-01-29T12:55:53.057+05:30  INFO 13600 --- [SpringBootRestApi_JPA] [restartedMain] .s.d.r.c.RepositoryConfigurationDelegate : Bootstrapping Spring Data JPA repositories in DEFAULT mode.
2026-01-29T12:55:53.077+05:30  INFO 13600 --- [SpringBootRestApi_JPA] [restartedMain] .s.d.r.c.RepositoryConfigurationDelegate : Finished Spring Data repository scanning in 18 ms. Found 1 JPA repository interface.
2026-01-29T12:55:53.975+05:30  INFO 13600 --- [SpringBootRestApi_JPA] [restartedMain] o.s.boot.tomcat.TomcatWebServer          : Tomcat initialized with port 7868 (http)
2026-01-29T12:55:53.976+05:30  INFO 13600 --- [SpringBootRestApi_JPA] [restartedMain] o.apache.catalina.core.StandardService   : Starting service [Tomcat]
2026-01-29T12:55:53.977+05:30  INFO 13600 --- [SpringBootRestApi_JPA] [restartedMain] o.apache.catalina.core.StandardEngine    : Starting Servlet engine: [Apache Tomcat/11.0.15]
2026-01-29T12:55:54.054+05:30  INFO 13600 --- [SpringBootRestApi_JPA] [restartedMain] b.w.c.s.WebApplicationContextInitializer : Root WebApplicationContext: initialization completed in 1604 ms
2026-01-29T12:55:54.275+05:30  INFO 13600 --- [SpringBootRestApi_JPA] [restartedMain] org.hibernate.orm.jpa                    : HHH008540: Processing PersistenceUnitInfo [name: default]
2026-01-29T12:55:54.325+05:30  INFO 13600 --- [SpringBootRestApi_JPA] [restartedMain] o.s.o.j.p.SpringPersistenceUnitInfo      : No LoadTimeWeaver setup: ignoring JPA class transformer
2026-01-29T12:55:54.326+05:30  INFO 13600 --- [SpringBootRestApi_JPA] [restartedMain] com.zaxxer.hikari.HikariDataSource       : HikariPool-2 - Starting...
2026-01-29T12:55:54.342+05:30  INFO 13600 --- [SpringBootRestApi_JPA] [restartedMain] com.zaxxer.hikari.pool.HikariPool        : HikariPool-2 - Added connection com.mysql.cj.jdbc.ConnectionImpl@3e829426
2026-01-29T12:55:54.342+05:30  INFO 13600 --- [SpringBootRestApi_JPA] [restartedMain] com.zaxxer.hikari.HikariDataSource       : HikariPool-2 - Start completed.
2026-01-29T12:55:54.344+05:30  WARN 13600 --- [SpringBootRestApi_JPA] [restartedMain] org.hibernate.orm.deprecation            : HHH90000025: MySQLDialect does not need to be specified explicitly using 'hibernate.dialect' (remove the property setting and it will be selected by default)
2026-01-29T12:55:54.345+05:30  INFO 13600 --- [SpringBootRestApi_JPA] [restartedMain] org.hibernate.orm.connections.pooling    : HHH10001005: Database info:
	Database JDBC URL [jdbc:mysql://localhost:3306/student_db]
	Database driver: MySQL Connector/J
	Database dialect: MySQLDialect
	Database version: 8.0.42
	Default catalog/schema: student_db/undefined
	Autocommit mode: undefined/unknown
	Isolation level: REPEATABLE_READ [default REPEATABLE_READ]
	JDBC fetch size: none
	Pool: DataSourceConnectionProvider
	Minimum pool size: undefined/unknown
	Maximum pool size: undefined/unknown
2026-01-29T12:55:54.455+05:30  INFO 13600 --- [SpringBootRestApi_JPA] [restartedMain] org.hibernate.orm.core                   : HHH000489: No JTA platform available (set 'hibernate.transaction.jta.platform' to enable JTA platform integration)
2026-01-29T12:55:54.457+05:30 DEBUG 13600 --- [SpringBootRestApi_JPA] [restartedMain] org.hibernate.SQL                        : 
    drop table if exists student
2026-01-29T12:55:57.239+05:30 DEBUG 13600 --- [SpringBootRestApi_JPA] [restartedMain] org.hibernate.SQL                        : 
    drop table if exists student_seq
2026-01-29T12:55:59.472+05:30 DEBUG 13600 --- [SpringBootRestApi_JPA] [restartedMain] org.hibernate.SQL                        : 
    create table student (
        id integer not null,
        college varchar(255),
        department varchar(255),
        name varchar(255),
        primary key (id)
    ) engine=InnoDB
2026-01-29T12:56:00.696+05:30 DEBUG 13600 --- [SpringBootRestApi_JPA] [restartedMain] org.hibernate.SQL                        : 
    create table student_seq (
        next_val bigint
    ) engine=InnoDB
2026-01-29T12:56:01.328+05:30 DEBUG 13600 --- [SpringBootRestApi_JPA] [restartedMain] org.hibernate.SQL                        : 
    insert into student_seq ( next_val ) values ( 1 )
2026-01-29T12:56:01.375+05:30  INFO 13600 --- [SpringBootRestApi_JPA] [restartedMain] j.LocalContainerEntityManagerFactoryBean : Initialized JPA EntityManagerFactory for persistence unit 'default'
2026-01-29T12:56:01.396+05:30  WARN 13600 --- [SpringBootRestApi_JPA] [restartedMain] ConfigServletWebServerApplicationContext : Exception encountered during context initialization - cancelling refresh attempt: org.springframework.beans.factory.BeanCreationException: Error creating bean with name 'studentController' defined in file [C:\Users\shubham.varma1\Desktop\mla256\SpringBootRestAPI_JPA\target\classes\com\test\controller\StudentController.class]: Failed to instantiate [com.test.controller.StudentController]: Constructor threw exception
2026-01-29T12:56:01.396+05:30  INFO 13600 --- [SpringBootRestApi_JPA] [restartedMain] j.LocalContainerEntityManagerFactoryBean : Closing JPA EntityManagerFactory for persistence unit 'default'
2026-01-29T12:56:01.397+05:30  INFO 13600 --- [SpringBootRestApi_JPA] [restartedMain] com.zaxxer.hikari.HikariDataSource       : HikariPool-2 - Shutdown initiated...
2026-01-29T12:56:01.400+05:30  INFO 13600 --- [SpringBootRestApi_JPA] [restartedMain] com.zaxxer.hikari.HikariDataSource       : HikariPool-2 - Shutdown completed.
2026-01-29T12:56:01.401+05:30  INFO 13600 --- [SpringBootRestApi_JPA] [restartedMain] o.apache.catalina.core.StandardService   : Stopping service [Tomcat]
2026-01-29T12:56:01.406+05:30  INFO 13600 --- [SpringBootRestApi_JPA] [restartedMain] .s.b.a.l.ConditionEvaluationReportLogger : 

Error starting ApplicationContext. To display the condition evaluation report re-run your application with 'debug' enabled.
2026-01-29T12:56:01.424+05:30 ERROR 13600 --- [SpringBootRestApi_JPA] [restartedMain] o.s.boot.SpringApplication               : Application run failed

org.springframework.beans.factory.BeanCreationException: Error creating bean with name 'studentController' defined in file [C:\Users\shubham.varma1\Desktop\mla256\SpringBootRestAPI_JPA\target\classes\com\test\controller\StudentController.class]: Failed to instantiate [com.test.controller.StudentController]: Constructor threw exception
	at org.springframework.beans.factory.support.AbstractAutowireCapableBeanFactory.instantiateBean(AbstractAutowireCapableBeanFactory.java:1344) ~[spring-beans-7.0.2.jar:7.0.2]
	at org.springframework.beans.factory.support.AbstractAutowireCapableBeanFactory.createBeanInstance(AbstractAutowireCapableBeanFactory.java:1231) ~[spring-beans-7.0.2.jar:7.0.2]
	at org.springframework.beans.factory.support.AbstractAutowireCapableBeanFactory.doCreateBean(AbstractAutowireCapableBeanFactory.java:565) ~[spring-beans-7.0.2.jar:7.0.2]
	at org.springframework.beans.factory.support.AbstractAutowireCapableBeanFactory.createBean(AbstractAutowireCapableBeanFactory.java:525) ~[spring-beans-7.0.2.jar:7.0.2]
	at org.springframework.beans.factory.support.AbstractBeanFactory.lambda$doGetBean$0(AbstractBeanFactory.java:333) ~[spring-beans-7.0.2.jar:7.0.2]
	at org.springframework.beans.factory.support.DefaultSingletonBeanRegistry.getSingleton(DefaultSingletonBeanRegistry.java:371) ~[spring-beans-7.0.2.jar:7.0.2]
	at org.springframework.beans.factory.support.AbstractBeanFactory.doGetBean(AbstractBeanFactory.java:331) ~[spring-beans-7.0.2.jar:7.0.2]
	at org.springframework.beans.factory.support.AbstractBeanFactory.getBean(AbstractBeanFactory.java:196) ~[spring-beans-7.0.2.jar:7.0.2]
	at org.springframework.beans.factory.support.DefaultListableBeanFactory.instantiateSingleton(DefaultListableBeanFactory.java:1218) ~[spring-beans-7.0.2.jar:7.0.2]
	at org.springframework.beans.factory.support.DefaultListableBeanFactory.preInstantiateSingleton(DefaultListableBeanFactory.java:1184) ~[spring-beans-7.0.2.jar:7.0.2]
	at org.springframework.beans.factory.support.DefaultListableBeanFactory.preInstantiateSingletons(DefaultListableBeanFactory.java:1121) ~[spring-beans-7.0.2.jar:7.0.2]
	at org.springframework.context.support.AbstractApplicationContext.finishBeanFactoryInitialization(AbstractApplicationContext.java:993) ~[spring-context-7.0.2.jar:7.0.2]
	at org.springframework.context.support.AbstractApplicationContext.refresh(AbstractApplicationContext.java:620) ~[spring-context-7.0.2.jar:7.0.2]
	at org.springframework.boot.web.server.servlet.context.ServletWebServerApplicationContext.refresh(ServletWebServerApplicationContext.java:143) ~[spring-boot-web-server-4.0.1.jar:4.0.1]
	at org.springframework.boot.SpringApplication.refresh(SpringApplication.java:756) ~[spring-boot-4.0.1.jar:4.0.1]
	at org.springframework.boot.SpringApplication.refreshContext(SpringApplication.java:445) ~[spring-boot-4.0.1.jar:4.0.1]
	at org.springframework.boot.SpringApplication.run(SpringApplication.java:321) ~[spring-boot-4.0.1.jar:4.0.1]
	at org.springframework.boot.SpringApplication.run(SpringApplication.java:1365) ~[spring-boot-4.0.1.jar:4.0.1]
	at org.springframework.boot.SpringApplication.run(SpringApplication.java:1354) ~[spring-boot-4.0.1.jar:4.0.1]
	at com.test.SpringBootRestApiJpaApplication.main(SpringBootRestApiJpaApplication.java:10) ~[classes/:na]
	at java.base/jdk.internal.reflect.DirectMethodHandleAccessor.invoke(DirectMethodHandleAccessor.java:103) ~[na:na]
	at java.base/java.lang.reflect.Method.invoke(Method.java:580) ~[na:na]
	at org.springframework.boot.devtools.restart.RestartLauncher.run(RestartLauncher.java:52) ~[spring-boot-devtools-4.0.1.jar:4.0.1]
Caused by: org.springframework.beans.BeanInstantiationException: Failed to instantiate [com.test.controller.StudentController]: Constructor threw exception
	at org.springframework.beans.BeanUtils.instantiateClass(BeanUtils.java:224) ~[spring-beans-7.0.2.jar:7.0.2]
	at org.springframework.beans.factory.support.SimpleInstantiationStrategy.instantiate(SimpleInstantiationStrategy.java:106) ~[spring-beans-7.0.2.jar:7.0.2]
	at org.springframework.beans.factory.support.AbstractAutowireCapableBeanFactory.instantiateBean(AbstractAutowireCapableBeanFactory.java:1338) ~[spring-beans-7.0.2.jar:7.0.2]
	... 22 common frames omitted
Caused by: java.lang.Error: Unresolved compilation problem: 
	CrossOrigin cannot be resolved to a type

	at com.test.controller.StudentController.<init>(StudentController.java:28) ~[classes/:na]
	at java.base/jdk.internal.reflect.DirectConstructorHandleAccessor.newInstance(DirectConstructorHandleAccessor.java:62) ~[na:na]
	at java.base/java.lang.reflect.Constructor.newInstanceWithCaller(Constructor.java:502) ~[na:na]
	at java.base/java.lang.reflect.Constructor.newInstance(Constructor.java:486) ~[na:na]
	at org.springframework.beans.BeanUtils.instantiateClass(BeanUtils.java:198) ~[spring-beans-7.0.2.jar:7.0.2]
	... 24 common frames omitted

2026-01-29T12:56:03.183+05:30  INFO 13600 --- [SpringBootRestApi_JPA] [restartedMain] c.test.SpringBootRestApiJpaApplication   : Starting SpringBootRestApiJpaApplication using Java 21.0.7 with PID 13600 (C:\Users\shubham.varma1\Desktop\mla256\SpringBootRestAPI_JPA\target\classes started by shubham.varma1 in C:\Users\shubham.varma1\Desktop\mla256\SpringBootRestAPI_JPA)
2026-01-29T12:56:03.183+05:30  INFO 13600 --- [SpringBootRestApi_JPA] [restartedMain] c.test.SpringBootRestApiJpaApplication   : No active profile set, falling back to 1 default profile: "default"
2026-01-29T12:56:03.427+05:30  INFO 13600 --- [SpringBootRestApi_JPA] [restartedMain] .s.d.r.c.RepositoryConfigurationDelegate : Bootstrapping Spring Data JPA repositories in DEFAULT mode.
2026-01-29T12:56:03.443+05:30  INFO 13600 --- [SpringBootRestApi_JPA] [restartedMain] .s.d.r.c.RepositoryConfigurationDelegate : Finished Spring Data repository scanning in 14 ms. Found 1 JPA repository interface.
2026-01-29T12:56:03.556+05:30  INFO 13600 --- [SpringBootRestApi_JPA] [restartedMain] o.s.boot.tomcat.TomcatWebServer          : Tomcat initialized with port 7868 (http)
2026-01-29T12:56:03.557+05:30  INFO 13600 --- [SpringBootRestApi_JPA] [restartedMain] o.apache.catalina.core.StandardService   : Starting service [Tomcat]
2026-01-29T12:56:03.557+05:30  INFO 13600 --- [SpringBootRestApi_JPA] [restartedMain] o.apache.catalina.core.StandardEngine    : Starting Servlet engine: [Apache Tomcat/11.0.15]
2026-01-29T12:56:03.632+05:30  INFO 13600 --- [SpringBootRestApi_JPA] [restartedMain] b.w.c.s.WebApplicationContextInitializer : Root WebApplicationContext: initialization completed in 446 ms
2026-01-29T12:56:03.689+05:30  INFO 13600 --- [SpringBootRestApi_JPA] [restartedMain] org.hibernate.orm.jpa                    : HHH008540: Processing PersistenceUnitInfo [name: default]
2026-01-29T12:56:03.718+05:30  INFO 13600 --- [SpringBootRestApi_JPA] [restartedMain] o.s.o.j.p.SpringPersistenceUnitInfo      : No LoadTimeWeaver setup: ignoring JPA class transformer
2026-01-29T12:56:03.719+05:30  INFO 13600 --- [SpringBootRestApi_JPA] [restartedMain] com.zaxxer.hikari.HikariDataSource       : HikariPool-3 - Starting...
2026-01-29T12:56:03.730+05:30  INFO 13600 --- [SpringBootRestApi_JPA] [restartedMain] com.zaxxer.hikari.pool.HikariPool        : HikariPool-3 - Added connection com.mysql.cj.jdbc.ConnectionImpl@2edd5663
2026-01-29T12:56:03.730+05:30  INFO 13600 --- [SpringBootRestApi_JPA] [restartedMain] com.zaxxer.hikari.HikariDataSource       : HikariPool-3 - Start completed.
2026-01-29T12:56:03.732+05:30  WARN 13600 --- [SpringBootRestApi_JPA] [restartedMain] org.hibernate.orm.deprecation            : HHH90000025: MySQLDialect does not need to be specified explicitly using 'hibernate.dialect' (remove the property setting and it will be selected by default)
2026-01-29T12:56:03.733+05:30  INFO 13600 --- [SpringBootRestApi_JPA] [restartedMain] org.hibernate.orm.connections.pooling    : HHH10001005: Database info:
	Database JDBC URL [jdbc:mysql://localhost:3306/student_db]
	Database driver: MySQL Connector/J
	Database dialect: MySQLDialect
	Database version: 8.0.42
	Default catalog/schema: student_db/undefined
	Autocommit mode: undefined/unknown
	Isolation level: REPEATABLE_READ [default REPEATABLE_READ]
	JDBC fetch size: none
	Pool: DataSourceConnectionProvider
	Minimum pool size: undefined/unknown
	Maximum pool size: undefined/unknown
2026-01-29T12:56:03.766+05:30  INFO 13600 --- [SpringBootRestApi_JPA] [restartedMain] org.hibernate.orm.core                   : HHH000489: No JTA platform available (set 'hibernate.transaction.jta.platform' to enable JTA platform integration)
2026-01-29T12:56:03.767+05:30 DEBUG 13600 --- [SpringBootRestApi_JPA] [restartedMain] org.hibernate.SQL                        : 
    drop table if exists student
2026-01-29T12:56:04.619+05:30 DEBUG 13600 --- [SpringBootRestApi_JPA] [restartedMain] org.hibernate.SQL                        : 
    drop table if exists student_seq
2026-01-29T12:56:05.223+05:30 DEBUG 13600 --- [SpringBootRestApi_JPA] [restartedMain] org.hibernate.SQL                        : 
    create table student (
        id integer not null,
        college varchar(255),
        department varchar(255),
        name varchar(255),
        primary key (id)
    ) engine=InnoDB
2026-01-29T12:56:05.551+05:30 DEBUG 13600 --- [SpringBootRestApi_JPA] [restartedMain] org.hibernate.SQL                        : 
    create table student_seq (
        next_val bigint
    ) engine=InnoDB
2026-01-29T12:56:05.809+05:30 DEBUG 13600 --- [SpringBootRestApi_JPA] [restartedMain] org.hibernate.SQL                        : 
    insert into student_seq ( next_val ) values ( 1 )
2026-01-29T12:56:05.852+05:30  INFO 13600 --- [SpringBootRestApi_JPA] [restartedMain] j.LocalContainerEntityManagerFactoryBean : Initialized JPA EntityManagerFactory for persistence unit 'default'
2026-01-29T12:56:05.949+05:30  WARN 13600 --- [SpringBootRestApi_JPA] [restartedMain] JpaBaseConfiguration$JpaWebConfiguration : spring.jpa.open-in-view is enabled by default. Therefore, database queries may be performed during view rendering. Explicitly configure spring.jpa.open-in-view to disable this warning
2026-01-29T12:56:06.149+05:30  INFO 13600 --- [SpringBootRestApi_JPA] [restartedMain] o.s.b.a.e.web.EndpointLinksResolver      : Exposing 13 endpoints beneath base path '/actuator'
2026-01-29T12:56:06.180+05:30  INFO 13600 --- [SpringBootRestApi_JPA] [restartedMain] o.s.boot.tomcat.TomcatWebServer          : Tomcat started on port 7868 (http) with context path '/'
2026-01-29T12:56:06.184+05:30  INFO 13600 --- [SpringBootRestApi_JPA] [restartedMain] c.test.SpringBootRestApiJpaApplication   : Started SpringBootRestApiJpaApplication in 3.03 seconds (process running for 2834.359)
2026-01-29T12:56:06.186+05:30  INFO 13600 --- [SpringBootRestApi_JPA] [restartedMain] .ConditionEvaluationDeltaLoggingListener : Condition evaluation unchanged
2026-01-29T12:56:06.187+05:30  WARN 13600 --- [SpringBootRestApi_JPA] [restartedMain] o.s.core.events.SpringDocAppInitializer  : SpringDoc /v3/api-docs endpoint is enabled by default. To disable it in production, set the property 'springdoc.api-docs.enabled=false'
2026-01-29T12:56:06.187+05:30  WARN 13600 --- [SpringBootRestApi_JPA] [restartedMain] o.s.core.events.SpringDocAppInitializer  : SpringDoc /swagger-ui.html endpoint is enabled by default. To disable it in production, set the property 'springdoc.swagger-ui.enabled=false'
2026-01-29T12:57:24.769+05:30  INFO 13600 --- [SpringBootRestApi_JPA] [File Watcher] rtingClassPathChangeChangedEventListener : Restarting due to 1 class path change (0 additions, 0 deletions, 1 modification)
2026-01-29T12:57:24.771+05:30  INFO 13600 --- [SpringBootRestApi_JPA] [Thread-5] o.s.boot.tomcat.GracefulShutdown         : Commencing graceful shutdown. Waiting for active requests to complete
2026-01-29T12:57:24.777+05:30  INFO 13600 --- [SpringBootRestApi_JPA] [tomcat-shutdown] o.s.boot.tomcat.GracefulShutdown         : Graceful shutdown complete
2026-01-29T12:57:24.780+05:30  INFO 13600 --- [SpringBootRestApi_JPA] [Thread-5] j.LocalContainerEntityManagerFactoryBean : Closing JPA EntityManagerFactory for persistence unit 'default'
2026-01-29T12:57:24.780+05:30  INFO 13600 --- [SpringBootRestApi_JPA] [Thread-5] com.zaxxer.hikari.HikariDataSource       : HikariPool-3 - Shutdown initiated...
2026-01-29T12:57:24.784+05:30  INFO 13600 --- [SpringBootRestApi_JPA] [Thread-5] com.zaxxer.hikari.HikariDataSource       : HikariPool-3 - Shutdown completed.
2026-01-29T12:57:24.859+05:30  INFO 13600 --- [SpringBootRestApi_JPA] [restartedMain] c.test.SpringBootRestApiJpaApplication   : Starting SpringBootRestApiJpaApplication using Java 21.0.7 with PID 13600 (C:\Users\shubham.varma1\Desktop\mla256\SpringBootRestAPI_JPA\target\classes started by shubham.varma1 in C:\Users\shubham.varma1\Desktop\mla256\SpringBootRestAPI_JPA)
2026-01-29T12:57:24.860+05:30  INFO 13600 --- [SpringBootRestApi_JPA] [restartedMain] c.test.SpringBootRestApiJpaApplication   : No active profile set, falling back to 1 default profile: "default"
2026-01-29T12:57:25.093+05:30  INFO 13600 --- [SpringBootRestApi_JPA] [restartedMain] .s.d.r.c.RepositoryConfigurationDelegate : Bootstrapping Spring Data JPA repositories in DEFAULT mode.
2026-01-29T12:57:25.107+05:30  INFO 13600 --- [SpringBootRestApi_JPA] [restartedMain] .s.d.r.c.RepositoryConfigurationDelegate : Finished Spring Data repository scanning in 13 ms. Found 1 JPA repository interface.
2026-01-29T12:57:25.201+05:30  INFO 13600 --- [SpringBootRestApi_JPA] [restartedMain] o.s.boot.tomcat.TomcatWebServer          : Tomcat initialized with port 7868 (http)
2026-01-29T12:57:25.202+05:30  INFO 13600 --- [SpringBootRestApi_JPA] [restartedMain] o.apache.catalina.core.StandardService   : Starting service [Tomcat]
2026-01-29T12:57:25.202+05:30  INFO 13600 --- [SpringBootRestApi_JPA] [restartedMain] o.apache.catalina.core.StandardEngine    : Starting Servlet engine: [Apache Tomcat/11.0.15]
2026-01-29T12:57:25.252+05:30  INFO 13600 --- [SpringBootRestApi_JPA] [restartedMain] b.w.c.s.WebApplicationContextInitializer : Root WebApplicationContext: initialization completed in 391 ms
2026-01-29T12:57:25.308+05:30  INFO 13600 --- [SpringBootRestApi_JPA] [restartedMain] org.hibernate.orm.jpa                    : HHH008540: Processing PersistenceUnitInfo [name: default]
2026-01-29T12:57:25.339+05:30  INFO 13600 --- [SpringBootRestApi_JPA] [restartedMain] o.s.o.j.p.SpringPersistenceUnitInfo      : No LoadTimeWeaver setup: ignoring JPA class transformer
2026-01-29T12:57:25.340+05:30  INFO 13600 --- [SpringBootRestApi_JPA] [restartedMain] com.zaxxer.hikari.HikariDataSource       : HikariPool-4 - Starting...
2026-01-29T12:57:25.352+05:30  INFO 13600 --- [SpringBootRestApi_JPA] [restartedMain] com.zaxxer.hikari.pool.HikariPool        : HikariPool-4 - Added connection com.mysql.cj.jdbc.ConnectionImpl@6da5fd5d
2026-01-29T12:57:25.380+05:30  INFO 13600 --- [SpringBootRestApi_JPA] [restartedMain] com.zaxxer.hikari.HikariDataSource       : HikariPool-4 - Start completed.
2026-01-29T12:57:25.381+05:30  WARN 13600 --- [SpringBootRestApi_JPA] [restartedMain] org.hibernate.orm.deprecation            : HHH90000025: MySQLDialect does not need to be specified explicitly using 'hibernate.dialect' (remove the property setting and it will be selected by default)
2026-01-29T12:57:25.382+05:30  INFO 13600 --- [SpringBootRestApi_JPA] [restartedMain] org.hibernate.orm.connections.pooling    : HHH10001005: Database info:
	Database JDBC URL [jdbc:mysql://localhost:3306/student_db]
	Database driver: MySQL Connector/J
	Database dialect: MySQLDialect
	Database version: 8.0.42
	Default catalog/schema: student_db/undefined
	Autocommit mode: undefined/unknown
	Isolation level: REPEATABLE_READ [default REPEATABLE_READ]
	JDBC fetch size: none
	Pool: DataSourceConnectionProvider
	Minimum pool size: undefined/unknown
	Maximum pool size: undefined/unknown
2026-01-29T12:57:25.416+05:30  INFO 13600 --- [SpringBootRestApi_JPA] [restartedMain] org.hibernate.orm.core                   : HHH000489: No JTA platform available (set 'hibernate.transaction.jta.platform' to enable JTA platform integration)
2026-01-29T12:57:25.417+05:30 DEBUG 13600 --- [SpringBootRestApi_JPA] [restartedMain] org.hibernate.SQL                        : 
    drop table if exists student
2026-01-29T12:57:25.680+05:30 DEBUG 13600 --- [SpringBootRestApi_JPA] [restartedMain] org.hibernate.SQL                        : 
    drop table if exists student_seq
2026-01-29T12:57:25.858+05:30 DEBUG 13600 --- [SpringBootRestApi_JPA] [restartedMain] org.hibernate.SQL                        : 
    create table student (
        id integer not null,
        college varchar(255),
        department varchar(255),
        name varchar(255),
        primary key (id)
    ) engine=InnoDB
2026-01-29T12:57:26.113+05:30 DEBUG 13600 --- [SpringBootRestApi_JPA] [restartedMain] org.hibernate.SQL                        : 
    create table student_seq (
        next_val bigint
    ) engine=InnoDB
2026-01-29T12:57:26.984+05:30 DEBUG 13600 --- [SpringBootRestApi_JPA] [restartedMain] org.hibernate.SQL                        : 
    insert into student_seq ( next_val ) values ( 1 )
2026-01-29T12:57:27.086+05:30  INFO 13600 --- [SpringBootRestApi_JPA] [restartedMain] j.LocalContainerEntityManagerFactoryBean : Initialized JPA EntityManagerFactory for persistence unit 'default'
2026-01-29T12:57:27.185+05:30  WARN 13600 --- [SpringBootRestApi_JPA] [restartedMain] JpaBaseConfiguration$JpaWebConfiguration : spring.jpa.open-in-view is enabled by default. Therefore, database queries may be performed during view rendering. Explicitly configure spring.jpa.open-in-view to disable this warning
2026-01-29T12:57:27.339+05:30  INFO 13600 --- [SpringBootRestApi_JPA] [restartedMain] o.s.b.a.e.web.EndpointLinksResolver      : Exposing 13 endpoints beneath base path '/actuator'
2026-01-29T12:57:27.364+05:30  INFO 13600 --- [SpringBootRestApi_JPA] [restartedMain] o.s.boot.tomcat.TomcatWebServer          : Tomcat started on port 7868 (http) with context path '/'
2026-01-29T12:57:27.367+05:30  INFO 13600 --- [SpringBootRestApi_JPA] [restartedMain] c.test.SpringBootRestApiJpaApplication   : Started SpringBootRestApiJpaApplication in 2.533 seconds (process running for 2915.542)
2026-01-29T12:57:27.369+05:30  INFO 13600 --- [SpringBootRestApi_JPA] [restartedMain] .ConditionEvaluationDeltaLoggingListener : Condition evaluation unchanged
2026-01-29T12:57:27.369+05:30  WARN 13600 --- [SpringBootRestApi_JPA] [restartedMain] o.s.core.events.SpringDocAppInitializer  : SpringDoc /v3/api-docs endpoint is enabled by default. To disable it in production, set the property 'springdoc.api-docs.enabled=false'
2026-01-29T12:57:27.369+05:30  WARN 13600 --- [SpringBootRestApi_JPA] [restartedMain] o.s.core.events.SpringDocAppInitializer  : SpringDoc /swagger-ui.html endpoint is enabled by default. To disable it in production, set the property 'springdoc.swagger-ui.enabled=false'
2026-01-29T14:34:43.116+05:30  INFO 13600 --- [SpringBootRestApi_JPA] [File Watcher] rtingClassPathChangeChangedEventListener : Restarting due to 1 class path change (0 additions, 0 deletions, 1 modification)
2026-01-29T14:34:43.122+05:30  INFO 13600 --- [SpringBootRestApi_JPA] [Thread-12] o.s.boot.tomcat.GracefulShutdown         : Commencing graceful shutdown. Waiting for active requests to complete
2026-01-29T14:34:43.129+05:30  INFO 13600 --- [SpringBootRestApi_JPA] [tomcat-shutdown] o.s.boot.tomcat.GracefulShutdown         : Graceful shutdown complete
2026-01-29T14:34:43.134+05:30  INFO 13600 --- [SpringBootRestApi_JPA] [Thread-12] j.LocalContainerEntityManagerFactoryBean : Closing JPA EntityManagerFactory for persistence unit 'default'
2026-01-29T14:34:43.137+05:30  INFO 13600 --- [SpringBootRestApi_JPA] [Thread-12] com.zaxxer.hikari.HikariDataSource       : HikariPool-4 - Shutdown initiated...
2026-01-29T14:34:43.140+05:30  INFO 13600 --- [SpringBootRestApi_JPA] [Thread-12] com.zaxxer.hikari.HikariDataSource       : HikariPool-4 - Shutdown completed.
2026-01-29T14:34:43.242+05:30  INFO 13600 --- [SpringBootRestApi_JPA] [restartedMain] c.test.SpringBootRestApiJpaApplication   : Starting SpringBootRestApiJpaApplication using Java 21.0.7 with PID 13600 (C:\Users\shubham.varma1\Desktop\mla256\SpringBootRestAPI_JPA\target\classes started by shubham.varma1 in C:\Users\shubham.varma1\Desktop\mla256\SpringBootRestAPI_JPA)
2026-01-29T14:34:43.243+05:30  INFO 13600 --- [SpringBootRestApi_JPA] [restartedMain] c.test.SpringBootRestApiJpaApplication   : No active profile set, falling back to 1 default profile: "default"
2026-01-29T14:34:43.599+05:30  INFO 13600 --- [SpringBootRestApi_JPA] [restartedMain] .s.d.r.c.RepositoryConfigurationDelegate : Bootstrapping Spring Data JPA repositories in DEFAULT mode.
2026-01-29T14:34:43.618+05:30  INFO 13600 --- [SpringBootRestApi_JPA] [restartedMain] .s.d.r.c.RepositoryConfigurationDelegate : Finished Spring Data repository scanning in 17 ms. Found 1 JPA repository interface.
2026-01-29T14:34:43.777+05:30  INFO 13600 --- [SpringBootRestApi_JPA] [restartedMain] o.s.boot.tomcat.TomcatWebServer          : Tomcat initialized with port 7868 (http)
2026-01-29T14:34:43.779+05:30  INFO 13600 --- [SpringBootRestApi_JPA] [restartedMain] o.apache.catalina.core.StandardService   : Starting service [Tomcat]
2026-01-29T14:34:43.779+05:30  INFO 13600 --- [SpringBootRestApi_JPA] [restartedMain] o.apache.catalina.core.StandardEngine    : Starting Servlet engine: [Apache Tomcat/11.0.15]
2026-01-29T14:34:43.822+05:30  INFO 13600 --- [SpringBootRestApi_JPA] [restartedMain] b.w.c.s.WebApplicationContextInitializer : Root WebApplicationContext: initialization completed in 575 ms
2026-01-29T14:34:43.903+05:30  INFO 13600 --- [SpringBootRestApi_JPA] [restartedMain] org.hibernate.orm.jpa                    : HHH008540: Processing PersistenceUnitInfo [name: default]
2026-01-29T14:34:43.944+05:30  INFO 13600 --- [SpringBootRestApi_JPA] [restartedMain] o.s.o.j.p.SpringPersistenceUnitInfo      : No LoadTimeWeaver setup: ignoring JPA class transformer
2026-01-29T14:34:43.946+05:30  INFO 13600 --- [SpringBootRestApi_JPA] [restartedMain] com.zaxxer.hikari.HikariDataSource       : HikariPool-5 - Starting...
2026-01-29T14:34:43.959+05:30  INFO 13600 --- [SpringBootRestApi_JPA] [restartedMain] com.zaxxer.hikari.pool.HikariPool        : HikariPool-5 - Added connection com.mysql.cj.jdbc.ConnectionImpl@3d685a94
2026-01-29T14:34:43.960+05:30  INFO 13600 --- [SpringBootRestApi_JPA] [restartedMain] com.zaxxer.hikari.HikariDataSource       : HikariPool-5 - Start completed.
2026-01-29T14:34:43.961+05:30  WARN 13600 --- [SpringBootRestApi_JPA] [restartedMain] org.hibernate.orm.deprecation            : HHH90000025: MySQLDialect does not need to be specified explicitly using 'hibernate.dialect' (remove the property setting and it will be selected by default)
2026-01-29T14:34:43.962+05:30  INFO 13600 --- [SpringBootRestApi_JPA] [restartedMain] org.hibernate.orm.connections.pooling    : HHH10001005: Database info:
	Database JDBC URL [jdbc:mysql://localhost:3306/student_db]
	Database driver: MySQL Connector/J
	Database dialect: MySQLDialect
	Database version: 8.0.42
	Default catalog/schema: student_db/undefined
	Autocommit mode: undefined/unknown
	Isolation level: REPEATABLE_READ [default REPEATABLE_READ]
	JDBC fetch size: none
	Pool: DataSourceConnectionProvider
	Minimum pool size: undefined/unknown
	Maximum pool size: undefined/unknown
2026-01-29T14:34:44.041+05:30  INFO 13600 --- [SpringBootRestApi_JPA] [restartedMain] org.hibernate.orm.core                   : HHH000489: No JTA platform available (set 'hibernate.transaction.jta.platform' to enable JTA platform integration)
2026-01-29T14:34:44.042+05:30 DEBUG 13600 --- [SpringBootRestApi_JPA] [restartedMain] org.hibernate.SQL                        : 
    drop table if exists student
2026-01-29T14:34:44.452+05:30 DEBUG 13600 --- [SpringBootRestApi_JPA] [restartedMain] org.hibernate.SQL                        : 
    drop table if exists student_seq
2026-01-29T14:34:44.627+05:30 DEBUG 13600 --- [SpringBootRestApi_JPA] [restartedMain] org.hibernate.SQL                        : 
    create table student (
        id integer not null,
        college varchar(255),
        department varchar(255),
        name varchar(255),
        primary key (id)
    ) engine=InnoDB
2026-01-29T14:34:45.677+05:30 DEBUG 13600 --- [SpringBootRestApi_JPA] [restartedMain] org.hibernate.SQL                        : 
    create table student_seq (
        next_val bigint
    ) engine=InnoDB
2026-01-29T14:34:46.124+05:30 DEBUG 13600 --- [SpringBootRestApi_JPA] [restartedMain] org.hibernate.SQL                        : 
    insert into student_seq ( next_val ) values ( 1 )
2026-01-29T14:34:46.167+05:30  INFO 13600 --- [SpringBootRestApi_JPA] [restartedMain] j.LocalContainerEntityManagerFactoryBean : Initialized JPA EntityManagerFactory for persistence unit 'default'
2026-01-29T14:34:46.289+05:30  WARN 13600 --- [SpringBootRestApi_JPA] [restartedMain] JpaBaseConfiguration$JpaWebConfiguration : spring.jpa.open-in-view is enabled by default. Therefore, database queries may be performed during view rendering. Explicitly configure spring.jpa.open-in-view to disable this warning
2026-01-29T14:34:46.506+05:30  INFO 13600 --- [SpringBootRestApi_JPA] [restartedMain] o.s.b.a.e.web.EndpointLinksResolver      : Exposing 13 endpoints beneath base path '/actuator'
2026-01-29T14:34:46.536+05:30  INFO 13600 --- [SpringBootRestApi_JPA] [restartedMain] o.s.boot.tomcat.TomcatWebServer          : Tomcat started on port 7868 (http) with context path '/'
2026-01-29T14:34:46.540+05:30  INFO 13600 --- [SpringBootRestApi_JPA] [restartedMain] c.test.SpringBootRestApiJpaApplication   : Started SpringBootRestApiJpaApplication in 3.347 seconds (process running for 8754.736)
2026-01-29T14:34:46.542+05:30  INFO 13600 --- [SpringBootRestApi_JPA] [restartedMain] .ConditionEvaluationDeltaLoggingListener : Condition evaluation unchanged
2026-01-29T14:34:46.542+05:30  WARN 13600 --- [SpringBootRestApi_JPA] [restartedMain] o.s.core.events.SpringDocAppInitializer  : SpringDoc /v3/api-docs endpoint is enabled by default. To disable it in production, set the property 'springdoc.api-docs.enabled=false'
2026-01-29T14:34:46.542+05:30  WARN 13600 --- [SpringBootRestApi_JPA] [restartedMain] o.s.core.events.SpringDocAppInitializer  : SpringDoc /swagger-ui.html endpoint is enabled by default. To disable it in production, set the property 'springdoc.swagger-ui.enabled=false'
2026-01-29T14:50:45.641+05:30  INFO 13600 --- [SpringBootRestApi_JPA] [RMI TCP Connection(168)-127.0.0.1] inMXBeanRegistrar$SpringApplicationAdmin : Application shutdown requested.
2026-01-29T14:50:45.645+05:30  INFO 13600 --- [SpringBootRestApi_JPA] [RMI TCP Connection(168)-127.0.0.1] o.s.boot.tomcat.GracefulShutdown         : Commencing graceful shutdown. Waiting for active requests to complete
2026-01-29T14:50:45.653+05:30  INFO 13600 --- [SpringBootRestApi_JPA] [tomcat-shutdown] o.s.boot.tomcat.GracefulShutdown         : Graceful shutdown complete
2026-01-29T14:50:45.657+05:30  INFO 13600 --- [SpringBootRestApi_JPA] [RMI TCP Connection(168)-127.0.0.1] j.LocalContainerEntityManagerFactoryBean : Closing JPA EntityManagerFactory for persistence unit 'default'
2026-01-29T14:50:45.658+05:30  INFO 13600 --- [SpringBootRestApi_JPA] [RMI TCP Connection(168)-127.0.0.1] com.zaxxer.hikari.HikariDataSource       : HikariPool-5 - Shutdown initiated...
2026-01-29T14:50:45.660+05:30  INFO 13600 --- [SpringBootRestApi_JPA] [RMI TCP Connection(168)-127.0.0.1] com.zaxxer.hikari.HikariDataSource       : HikariPool-5 - Shutdown completed.
2026-01-29T15:09:48.359+05:30  INFO 19472 --- [SpringBootRestApi_JPA] [restartedMain] c.test.SpringBootRestApiJpaApplication   : Starting SpringBootRestApiJpaApplication using Java 21.0.7 with PID 19472 (C:\Users\shubham.varma1\Desktop\mla256\SpringBootRestAPI_JPA\target\classes started by shubham.varma1 in C:\Users\shubham.varma1\Desktop\mla256\SpringBootRestAPI_JPA)
2026-01-29T15:09:48.362+05:30  INFO 19472 --- [SpringBootRestApi_JPA] [restartedMain] c.test.SpringBootRestApiJpaApplication   : No active profile set, falling back to 1 default profile: "default"
2026-01-29T15:09:48.405+05:30  INFO 19472 --- [SpringBootRestApi_JPA] [restartedMain] .e.DevToolsPropertyDefaultsPostProcessor : Devtools property defaults active! Set 'spring.devtools.add-properties' to 'false' to disable
2026-01-29T15:09:48.405+05:30  INFO 19472 --- [SpringBootRestApi_JPA] [restartedMain] .e.DevToolsPropertyDefaultsPostProcessor : For additional web related logging consider setting the 'logging.level.web' property to 'DEBUG'
2026-01-29T15:09:49.482+05:30  INFO 19472 --- [SpringBootRestApi_JPA] [restartedMain] .s.d.r.c.RepositoryConfigurationDelegate : Bootstrapping Spring Data JPA repositories in DEFAULT mode.
2026-01-29T15:09:49.541+05:30  INFO 19472 --- [SpringBootRestApi_JPA] [restartedMain] .s.d.r.c.RepositoryConfigurationDelegate : Finished Spring Data repository scanning in 49 ms. Found 1 JPA repository interface.
2026-01-29T15:09:50.085+05:30  INFO 19472 --- [SpringBootRestApi_JPA] [restartedMain] o.s.boot.tomcat.TomcatWebServer          : Tomcat initialized with port 7868 (http)
2026-01-29T15:09:50.097+05:30  INFO 19472 --- [SpringBootRestApi_JPA] [restartedMain] o.apache.catalina.core.StandardService   : Starting service [Tomcat]
2026-01-29T15:09:50.098+05:30  INFO 19472 --- [SpringBootRestApi_JPA] [restartedMain] o.apache.catalina.core.StandardEngine    : Starting Servlet engine: [Apache Tomcat/11.0.15]
2026-01-29T15:09:50.174+05:30  INFO 19472 --- [SpringBootRestApi_JPA] [restartedMain] b.w.c.s.WebApplicationContextInitializer : Root WebApplicationContext: initialization completed in 1769 ms
2026-01-29T15:09:50.399+05:30  INFO 19472 --- [SpringBootRestApi_JPA] [restartedMain] org.hibernate.orm.jpa                    : HHH008540: Processing PersistenceUnitInfo [name: default]
2026-01-29T15:09:50.455+05:30  INFO 19472 --- [SpringBootRestApi_JPA] [restartedMain] org.hibernate.orm.core                   : HHH000001: Hibernate ORM core version 7.2.0.Final
2026-01-29T15:09:50.926+05:30  INFO 19472 --- [SpringBootRestApi_JPA] [restartedMain] o.s.o.j.p.SpringPersistenceUnitInfo      : No LoadTimeWeaver setup: ignoring JPA class transformer
2026-01-29T15:09:50.959+05:30  INFO 19472 --- [SpringBootRestApi_JPA] [restartedMain] com.zaxxer.hikari.HikariDataSource       : HikariPool-1 - Starting...
2026-01-29T15:09:51.284+05:30  INFO 19472 --- [SpringBootRestApi_JPA] [restartedMain] com.zaxxer.hikari.pool.HikariPool        : HikariPool-1 - Added connection com.mysql.cj.jdbc.ConnectionImpl@13c5779b
2026-01-29T15:09:51.285+05:30  INFO 19472 --- [SpringBootRestApi_JPA] [restartedMain] com.zaxxer.hikari.HikariDataSource       : HikariPool-1 - Start completed.
2026-01-29T15:09:51.331+05:30  WARN 19472 --- [SpringBootRestApi_JPA] [restartedMain] org.hibernate.orm.deprecation            : HHH90000025: MySQLDialect does not need to be specified explicitly using 'hibernate.dialect' (remove the property setting and it will be selected by default)
2026-01-29T15:09:51.350+05:30  INFO 19472 --- [SpringBootRestApi_JPA] [restartedMain] org.hibernate.orm.connections.pooling    : HHH10001005: Database info:
	Database JDBC URL [jdbc:mysql://localhost:3306/student_db]
	Database driver: MySQL Connector/J
	Database dialect: MySQLDialect
	Database version: 8.0.42
	Default catalog/schema: student_db/undefined
	Autocommit mode: undefined/unknown
	Isolation level: REPEATABLE_READ [default REPEATABLE_READ]
	JDBC fetch size: none
	Pool: DataSourceConnectionProvider
	Minimum pool size: undefined/unknown
	Maximum pool size: undefined/unknown
2026-01-29T15:09:52.172+05:30  INFO 19472 --- [SpringBootRestApi_JPA] [restartedMain] org.hibernate.orm.core                   : HHH000489: No JTA platform available (set 'hibernate.transaction.jta.platform' to enable JTA platform integration)
2026-01-29T15:09:52.196+05:30 DEBUG 19472 --- [SpringBootRestApi_JPA] [restartedMain] org.hibernate.SQL                        : 
    drop table if exists student
2026-01-29T15:09:52.945+05:30 DEBUG 19472 --- [SpringBootRestApi_JPA] [restartedMain] org.hibernate.SQL                        : 
    drop table if exists student_seq
2026-01-29T15:09:53.606+05:30 DEBUG 19472 --- [SpringBootRestApi_JPA] [restartedMain] org.hibernate.SQL                        : 
    create table student (
        id integer not null,
        college varchar(255),
        department varchar(255),
        name varchar(255),
        primary key (id)
    ) engine=InnoDB
2026-01-29T15:09:54.089+05:30 DEBUG 19472 --- [SpringBootRestApi_JPA] [restartedMain] org.hibernate.SQL                        : 
    create table student_seq (
        next_val bigint
    ) engine=InnoDB
2026-01-29T15:09:54.545+05:30 DEBUG 19472 --- [SpringBootRestApi_JPA] [restartedMain] org.hibernate.SQL                        : 
    insert into student_seq ( next_val ) values ( 1 )
2026-01-29T15:09:54.686+05:30  INFO 19472 --- [SpringBootRestApi_JPA] [restartedMain] j.LocalContainerEntityManagerFactoryBean : Initialized JPA EntityManagerFactory for persistence unit 'default'
2026-01-29T15:09:54.774+05:30  INFO 19472 --- [SpringBootRestApi_JPA] [restartedMain] o.s.d.j.r.query.QueryEnhancerFactories   : Hibernate is in classpath; If applicable, HQL parser will be used.
2026-01-29T15:09:55.531+05:30  WARN 19472 --- [SpringBootRestApi_JPA] [restartedMain] JpaBaseConfiguration$JpaWebConfiguration : spring.jpa.open-in-view is enabled by default. Therefore, database queries may be performed during view rendering. Explicitly configure spring.jpa.open-in-view to disable this warning
2026-01-29T15:09:56.262+05:30  INFO 19472 --- [SpringBootRestApi_JPA] [restartedMain] o.s.b.a.e.web.EndpointLinksResolver      : Exposing 13 endpoints beneath base path '/actuator'
2026-01-29T15:09:56.357+05:30  INFO 19472 --- [SpringBootRestApi_JPA] [restartedMain] o.s.boot.tomcat.TomcatWebServer          : Tomcat started on port 7868 (http) with context path '/'
2026-01-29T15:09:56.365+05:30  INFO 19472 --- [SpringBootRestApi_JPA] [restartedMain] c.test.SpringBootRestApiJpaApplication   : Started SpringBootRestApiJpaApplication in 8.405 seconds (process running for 9.257)
2026-01-29T15:09:56.371+05:30  WARN 19472 --- [SpringBootRestApi_JPA] [restartedMain] o.s.core.events.SpringDocAppInitializer  : SpringDoc /v3/api-docs endpoint is enabled by default. To disable it in production, set the property 'springdoc.api-docs.enabled=false'
2026-01-29T15:09:56.372+05:30  WARN 19472 --- [SpringBootRestApi_JPA] [restartedMain] o.s.core.events.SpringDocAppInitializer  : SpringDoc /swagger-ui.html endpoint is enabled by default. To disable it in production, set the property 'springdoc.swagger-ui.enabled=false'
2026-01-29T15:09:56.937+05:30  INFO 19472 --- [SpringBootRestApi_JPA] [RMI TCP Connection(4)-127.0.0.1] o.a.c.c.C.[Tomcat].[localhost].[/]       : Initializing Spring DispatcherServlet 'dispatcherServlet'
2026-01-29T15:09:56.938+05:30  INFO 19472 --- [SpringBootRestApi_JPA] [RMI TCP Connection(4)-127.0.0.1] o.s.web.servlet.DispatcherServlet        : Initializing Servlet 'dispatcherServlet'
2026-01-29T15:09:56.939+05:30  INFO 19472 --- [SpringBootRestApi_JPA] [RMI TCP Connection(4)-127.0.0.1] o.s.web.servlet.DispatcherServlet        : Completed initialization in 1 ms
2026-01-29T15:13:23.919+05:30 DEBUG 19472 --- [SpringBootRestApi_JPA] [http-nio-7868-exec-2] org.hibernate.SQL                        : 
    select
        s1_0.id,
        s1_0.college,
        s1_0.department,
        s1_0.name 
    from
        student s1_0
2026-01-29T15:13:28.300+05:30 DEBUG 19472 --- [SpringBootRestApi_JPA] [http-nio-7868-exec-3] org.hibernate.SQL                        : 
    select
        s1_0.id,
        s1_0.college,
        s1_0.department,
        s1_0.name 
    from
        student s1_0
2026-01-29T15:13:51.361+05:30 DEBUG 19472 --- [SpringBootRestApi_JPA] [http-nio-7868-exec-5] org.hibernate.SQL                        : 
    select
        next_val as id_val 
    from
        student_seq 
    for
        update
2026-01-29T15:13:51.362+05:30 DEBUG 19472 --- [SpringBootRestApi_JPA] [http-nio-7868-exec-5] org.hibernate.SQL                        : 
    update
        student_seq 
    set
        next_val= ? 
    where
        next_val=?
2026-01-29T15:13:51.561+05:30 DEBUG 19472 --- [SpringBootRestApi_JPA] [http-nio-7868-exec-5] org.hibernate.SQL                        : 
    insert 
    into
        student
        (college, department, name, id) 
    values
        (?, ?, ?, ?)
2026-01-29T15:13:51.632+05:30  INFO 19472 --- [SpringBootRestApi_JPA] [http-nio-7868-exec-5] com.test.controller.StudentController    : 1
2026-01-29T15:13:51.632+05:30  INFO 19472 --- [SpringBootRestApi_JPA] [http-nio-7868-exec-5] com.test.controller.StudentController    : shubham
2026-01-29T15:13:51.633+05:30  INFO 19472 --- [SpringBootRestApi_JPA] [http-nio-7868-exec-5] com.test.controller.StudentController    : IT
2026-01-29T15:13:51.633+05:30  INFO 19472 --- [SpringBootRestApi_JPA] [http-nio-7868-exec-5] com.test.controller.StudentController    : KJ
2026-01-29T15:13:51.672+05:30 DEBUG 19472 --- [SpringBootRestApi_JPA] [http-nio-7868-exec-6] org.hibernate.SQL                        : 
    select
        s1_0.id,
        s1_0.college,
        s1_0.department,
        s1_0.name 
    from
        student s1_0
2026-01-29T15:13:54.013+05:30 DEBUG 19472 --- [SpringBootRestApi_JPA] [http-nio-7868-exec-8] org.hibernate.SQL                        : 
    select
        s1_0.id,
        s1_0.college,
        s1_0.department,
        s1_0.name 
    from
        student s1_0 
    where
        s1_0.id=?
2026-01-29T15:13:55.552+05:30 DEBUG 19472 --- [SpringBootRestApi_JPA] [http-nio-7868-exec-9] org.hibernate.SQL                        : 
    select
        s1_0.id,
        s1_0.college,
        s1_0.department,
        s1_0.name 
    from
        student s1_0
2026-01-29T15:13:56.577+05:30 DEBUG 19472 --- [SpringBootRestApi_JPA] [http-nio-7868-exec-10] org.hibernate.SQL                        : 
    select
        s1_0.id,
        s1_0.college,
        s1_0.department,
        s1_0.name 
    from
        student s1_0 
    where
        s1_0.id=?
2026-01-29T15:14:03.007+05:30 DEBUG 19472 --- [SpringBootRestApi_JPA] [http-nio-7868-exec-2] org.hibernate.SQL                        : 
    select
        s1_0.id,
        s1_0.college,
        s1_0.department,
        s1_0.name 
    from
        student s1_0 
    where
        s1_0.id=?
2026-01-29T15:14:03.013+05:30 DEBUG 19472 --- [SpringBootRestApi_JPA] [http-nio-7868-exec-2] org.hibernate.SQL                        : 
    update
        student 
    set
        college=?,
        department=?,
        name=? 
    where
        id=?
2026-01-29T15:14:03.168+05:30 DEBUG 19472 --- [SpringBootRestApi_JPA] [http-nio-7868-exec-3] org.hibernate.SQL                        : 
    select
        s1_0.id,
        s1_0.college,
        s1_0.department,
        s1_0.name 
    from
        student s1_0
2026-01-29T15:14:05.099+05:30 DEBUG 19472 --- [SpringBootRestApi_JPA] [http-nio-7868-exec-4] org.hibernate.SQL                        : 
    select
        s1_0.id,
        s1_0.college,
        s1_0.department,
        s1_0.name 
    from
        student s1_0 
    where
        s1_0.id=?
2026-01-29T15:14:06.728+05:30 DEBUG 19472 --- [SpringBootRestApi_JPA] [http-nio-7868-exec-5] org.hibernate.SQL                        : 
    select
        s1_0.id,
        s1_0.college,
        s1_0.department,
        s1_0.name 
    from
        student s1_0
2026-01-29T15:14:09.474+05:30 DEBUG 19472 --- [SpringBootRestApi_JPA] [http-nio-7868-exec-7] org.hibernate.SQL                        : 
    select
        s1_0.id,
        s1_0.college,
        s1_0.department,
        s1_0.name 
    from
        student s1_0 
    where
        s1_0.id=?
2026-01-29T15:14:09.480+05:30 DEBUG 19472 --- [SpringBootRestApi_JPA] [http-nio-7868-exec-7] org.hibernate.SQL                        : 
    delete 
    from
        student 
    where
        id=?
2026-01-29T15:14:09.560+05:30 DEBUG 19472 --- [SpringBootRestApi_JPA] [http-nio-7868-exec-7] org.hibernate.SQL                        : 
    select
        s1_0.id,
        s1_0.college,
        s1_0.department,
        s1_0.name 
    from
        student s1_0
2026-01-29T15:14:09.569+05:30 DEBUG 19472 --- [SpringBootRestApi_JPA] [http-nio-7868-exec-8] org.hibernate.SQL                        : 
    select
        s1_0.id,
        s1_0.college,
        s1_0.department,
        s1_0.name 
    from
        student s1_0
2026-01-29T15:14:14.749+05:30 DEBUG 19472 --- [SpringBootRestApi_JPA] [http-nio-7868-exec-9] org.hibernate.SQL                        : 
    select
        s1_0.id,
        s1_0.college,
        s1_0.department,
        s1_0.name 
    from
        student s1_0 
    where
        s1_0.id=?
2026-01-29T15:14:14.756+05:30 DEBUG 19472 --- [SpringBootRestApi_JPA] [http-nio-7868-exec-9] org.hibernate.SQL                        : 
    select
        s1_0.id,
        s1_0.college,
        s1_0.department,
        s1_0.name 
    from
        student s1_0
2026-01-29T15:14:14.765+05:30 DEBUG 19472 --- [SpringBootRestApi_JPA] [http-nio-7868-exec-10] org.hibernate.SQL                        : 
    select
        s1_0.id,
        s1_0.college,
        s1_0.department,
        s1_0.name 
    from
        student s1_0
2026-01-29T15:14:16.756+05:30 DEBUG 19472 --- [SpringBootRestApi_JPA] [http-nio-7868-exec-1] org.hibernate.SQL                        : 
    select
        s1_0.id,
        s1_0.college,
        s1_0.department,
        s1_0.name 
    from
        student s1_0
2026-01-29T15:14:35.247+05:30 DEBUG 19472 --- [SpringBootRestApi_JPA] [http-nio-7868-exec-2] org.hibernate.SQL                        : 
    select
        next_val as id_val 
    from
        student_seq 
    for
        update
2026-01-29T15:14:35.248+05:30 DEBUG 19472 --- [SpringBootRestApi_JPA] [http-nio-7868-exec-2] org.hibernate.SQL                        : 
    update
        student_seq 
    set
        next_val= ? 
    where
        next_val=?
2026-01-29T15:14:35.348+05:30 DEBUG 19472 --- [SpringBootRestApi_JPA] [http-nio-7868-exec-2] org.hibernate.SQL                        : 
    insert 
    into
        student
        (college, department, name, id) 
    values
        (?, ?, ?, ?)
2026-01-29T15:14:35.415+05:30  INFO 19472 --- [SpringBootRestApi_JPA] [http-nio-7868-exec-2] com.test.controller.StudentController    : 2
2026-01-29T15:14:35.415+05:30  INFO 19472 --- [SpringBootRestApi_JPA] [http-nio-7868-exec-2] com.test.controller.StudentController    : Shubham
2026-01-29T15:14:35.415+05:30  INFO 19472 --- [SpringBootRestApi_JPA] [http-nio-7868-exec-2] com.test.controller.StudentController    : COMP
2026-01-29T15:14:35.415+05:30  INFO 19472 --- [SpringBootRestApi_JPA] [http-nio-7868-exec-2] com.test.controller.StudentController    : KJ
2026-01-29T15:14:35.429+05:30 DEBUG 19472 --- [SpringBootRestApi_JPA] [http-nio-7868-exec-3] org.hibernate.SQL                        : 
    select
        s1_0.id,
        s1_0.college,
        s1_0.department,
        s1_0.name 
    from
        student s1_0
2026-01-29T15:14:51.509+05:30 DEBUG 19472 --- [SpringBootRestApi_JPA] [http-nio-7868-exec-4] org.hibernate.SQL                        : 
    insert 
    into
        student
        (college, department, name, id) 
    values
        (?, ?, ?, ?)
2026-01-29T15:14:51.604+05:30  INFO 19472 --- [SpringBootRestApi_JPA] [http-nio-7868-exec-4] com.test.controller.StudentController    : 3
2026-01-29T15:14:51.605+05:30  INFO 19472 --- [SpringBootRestApi_JPA] [http-nio-7868-exec-4] com.test.controller.StudentController    : Uchit
2026-01-29T15:14:51.605+05:30  INFO 19472 --- [SpringBootRestApi_JPA] [http-nio-7868-exec-4] com.test.controller.StudentController    : IT
2026-01-29T15:14:51.605+05:30  INFO 19472 --- [SpringBootRestApi_JPA] [http-nio-7868-exec-4] com.test.controller.StudentController    : KJ1
2026-01-29T15:14:51.621+05:30 DEBUG 19472 --- [SpringBootRestApi_JPA] [http-nio-7868-exec-5] org.hibernate.SQL                        : 
    select
        s1_0.id,
        s1_0.college,
        s1_0.department,
        s1_0.name 
    from
        student s1_0
2026-01-29T15:16:17.540+05:30 DEBUG 19472 --- [SpringBootRestApi_JPA] [http-nio-7868-exec-8] org.hibernate.SQL                        : 
    select
        s1_0.id,
        s1_0.college,
        s1_0.department,
        s1_0.name 
    from
        student s1_0 
    where
        s1_0.id=?
2026-01-29T15:16:18.840+05:30 DEBUG 19472 --- [SpringBootRestApi_JPA] [http-nio-7868-exec-9] org.hibernate.SQL                        : 
    select
        s1_0.id,
        s1_0.college,
        s1_0.department,
        s1_0.name 
    from
        student s1_0
2026-01-29T15:16:20.378+05:30 DEBUG 19472 --- [SpringBootRestApi_JPA] [http-nio-7868-exec-1] org.hibernate.SQL                        : 
    select
        s1_0.id,
        s1_0.college,
        s1_0.department,
        s1_0.name 
    from
        student s1_0 
    where
        s1_0.id=?
2026-01-29T15:16:21.600+05:30 DEBUG 19472 --- [SpringBootRestApi_JPA] [http-nio-7868-exec-2] org.hibernate.SQL                        : 
    select
        s1_0.id,
        s1_0.college,
        s1_0.department,
        s1_0.name 
    from
        student s1_0
2026-01-29T15:16:29.315+05:30 DEBUG 19472 --- [SpringBootRestApi_JPA] [http-nio-7868-exec-3] org.hibernate.SQL                        : 
    select
        s1_0.id,
        s1_0.college,
        s1_0.department,
        s1_0.name 
    from
        student s1_0
2026-01-29T15:16:58.025+05:30 DEBUG 19472 --- [SpringBootRestApi_JPA] [http-nio-7868-exec-5] org.hibernate.SQL                        : 
    select
        s1_0.id,
        s1_0.college,
        s1_0.department,
        s1_0.name 
    from
        student s1_0 
    where
        s1_0.id=?
2026-01-29T15:16:58.027+05:30 DEBUG 19472 --- [SpringBootRestApi_JPA] [http-nio-7868-exec-5] org.hibernate.SQL                        : 
    delete 
    from
        student 
    where
        id=?
2026-01-29T15:16:58.092+05:30 DEBUG 19472 --- [SpringBootRestApi_JPA] [http-nio-7868-exec-5] org.hibernate.SQL                        : 
    select
        s1_0.id,
        s1_0.college,
        s1_0.department,
        s1_0.name 
    from
        student s1_0
2026-01-29T15:16:58.102+05:30 DEBUG 19472 --- [SpringBootRestApi_JPA] [http-nio-7868-exec-6] org.hibernate.SQL                        : 
    select
        s1_0.id,
        s1_0.college,
        s1_0.department,
        s1_0.name 
    from
        student s1_0
2026-01-29T15:17:00.817+05:30 DEBUG 19472 --- [SpringBootRestApi_JPA] [http-nio-7868-exec-7] org.hibernate.SQL                        : 
    select
        s1_0.id,
        s1_0.college,
        s1_0.department,
        s1_0.name 
    from
        student s1_0 
    where
        s1_0.id=?
2026-01-29T15:17:02.048+05:30 DEBUG 19472 --- [SpringBootRestApi_JPA] [http-nio-7868-exec-8] org.hibernate.SQL                        : 
    select
        s1_0.id,
        s1_0.college,
        s1_0.department,
        s1_0.name 
    from
        student s1_0
2026-01-29T15:20:06.399+05:30 DEBUG 19472 --- [SpringBootRestApi_JPA] [http-nio-7868-exec-10] org.hibernate.SQL                        : 
    select
        s1_0.id,
        s1_0.college,
        s1_0.department,
        s1_0.name 
    from
        student s1_0
2026-01-29T17:45:14.229+05:30  INFO 19472 --- [SpringBootRestApi_JPA] [RMI TCP Connection(161)-127.0.0.1] inMXBeanRegistrar$SpringApplicationAdmin : Application shutdown requested.
2026-01-29T17:45:14.248+05:30  INFO 19472 --- [SpringBootRestApi_JPA] [RMI TCP Connection(161)-127.0.0.1] o.s.boot.tomcat.GracefulShutdown         : Commencing graceful shutdown. Waiting for active requests to complete
2026-01-29T17:45:14.254+05:30  INFO 19472 --- [SpringBootRestApi_JPA] [tomcat-shutdown] o.s.boot.tomcat.GracefulShutdown         : Graceful shutdown complete
2026-01-29T17:45:14.263+05:30  INFO 19472 --- [SpringBootRestApi_JPA] [RMI TCP Connection(161)-127.0.0.1] j.LocalContainerEntityManagerFactoryBean : Closing JPA EntityManagerFactory for persistence unit 'default'
2026-01-29T17:45:14.269+05:30  INFO 19472 --- [SpringBootRestApi_JPA] [RMI TCP Connection(161)-127.0.0.1] com.zaxxer.hikari.HikariDataSource       : HikariPool-1 - Shutdown initiated...
2026-01-29T17:45:14.271+05:30  INFO 19472 --- [SpringBootRestApi_JPA] [RMI TCP Connection(161)-127.0.0.1] com.zaxxer.hikari.HikariDataSource       : HikariPool-1 - Shutdown completed.
